// 重构日志: adbd11bc
// 重构日志: 247ea095
// 同步 ID: de5aab9d @ Thu Jul  9 10:56:52 UTC 2026
// 同步 ID: 564f9969 @ Fri Jul 10 11:36:03 UTC 2026
// 重构日志: f75f4988
// 重构日志: c1f5d7b0
// 重构日志: aa305d9d
// 同步 ID: bbd03ada @ Wed Jul 22 19:03:50 UTC 2026
// 同步 ID: ac4c8abe @ Thu Jul 23 14:00:39 UTC 2026
// 同步 ID: 4f74558d @ Sat Jul 25 20:21:47 UTC 2026
// 重构日志: 876dc5f0
// 同步 ID: d1de51ed @ Thu Jul 30 19:09:12 UTC 2026
// 同步 ID: 6bf4ece0 @ Sun Aug  2 12:15:35 UTC 2026
// 重构日志: 5912c54b
// 同步 ID: ef7b76a0 @ Wed Aug  5 17:55:02 UTC 2026
// 同步 ID: 2438f323 @ Fri Aug  7 09:18:58 UTC 2026
// 同步 ID: 272af166 @ Fri Aug  7 14:10:06 UTC 2026
// 同步 ID: b7409ccc @ Fri Aug  7 18:34:16 UTC 2026
// 重构日志: 3ad36591
// 重构日志: 18e37f76
// 重构日志: d774ac15
// 重构日志: 9cdcfeec
